2026-09-08T17:28:48.789+0900 [DEBUG] [org.gradle.launcher.daemon.bootstrap.DaemonMain] Assuming the daemon was started with following jvm opts: [-XX:MaxMetaspaceSize=384m, -XX:+HeapDumpOnOutOfMemoryError, -Xms256m, -Xmx512m, -Dfile.encoding=UTF-8, -Duser.country=KR, -Duser.language=ko, -Duser.variant]
2026-09-08T17:28:48.863+0900 [DEBUG] [org.gradle.internal.remote.internal.inet.InetAddresses] Adding IP addresses for network interface Hyper-V Virtual Switch Extension Adapter-Hyper-V Virtual Switch Extension Filter-0000
2026-09-08T17:28:48.864+0900 [DEBUG] [org.gradle.internal.remote.internal.inet.InetAddresses] Is this a loopback interface? false
2026-09-08T17:28:48.865+0900 [DEBUG] [org.gradle.internal.remote.internal.inet.InetAddresses] Adding IP addresses for network interface Hyper-V Virtual Ethernet Adapter-WFP Native MAC Layer LightWeight Filter-0000
2026-09-08T17:28:48.866+0900 [DEBUG] [org.gradle.internal.remote.internal.inet.InetAddresses] Is this a loopback interface? false
2026-09-08T17:28:48.866+0900 [DEBUG] [org.gradle.internal.remote.internal.inet.InetAddresses] Adding IP addresses for network interface Hyper-V Virtual Ethernet Adapter-QoS Packet Scheduler-0000
2026-09-08T17:28:48.866+0900 [DEBUG] [org.gradle.internal.remote.internal.inet.InetAddresses] Is this a loopback interface? false
2026-09-08T17:28:48.866+0900 [DEBUG] [org.gradle.internal.remote.internal.inet.InetAddresses] Adding IP addresses for network interface Hyper-V Virtual Ethernet Adapter-WFP 802.3 MAC Layer LightWeight Filter-0000
2026-09-08T17:28:48.866+0900 [DEBUG] [org.gradle.internal.remote.internal.inet.InetAddresses] Is this a loopback interface? false
2026-09-08T17:28:48.867+0900 [DEBUG] [org.gradle.internal.remote.internal.inet.InetAddresses] Adding IP addresses for network interface WAN Miniport (IP)-WFP Native MAC Layer LightWeight Filter-0000
2026-09-08T17:28:48.867+0900 [DEBUG] [org.gradle.internal.remote.internal.inet.InetAddresses] Is this a loopback interface? false
2026-09-08T17:28:48.867+0900 [DEBUG] [org.gradle.internal.remote.internal.inet.InetAddresses] Adding IP addresses for network interface WAN Miniport (IP)-QoS Packet Scheduler-0000
2026-09-08T17:28:48.867+0900 [DEBUG] [org.gradle.internal.remote.internal.inet.InetAddresses] Is this a loopback interface? false
2026-09-08T17:28:48.867+0900 [DEBUG] [org.gradle.internal.remote.internal.inet.InetAddresses] Adding IP addresses for network interface WAN Miniport (IPv6)-WFP Native MAC Layer LightWeight Filter-0000
2026-09-08T17:28:48.867+0900 [DEBUG] [org.gradle.internal.remote.internal.inet.InetAddresses] Is this a loopback interface? false
2026-09-08T17:28:48.867+0900 [DEBUG] [org.gradle.internal.remote.internal.inet.InetAddresses] Adding IP addresses for network interface WAN Miniport (IPv6)-QoS Packet Scheduler-0000
2026-09-08T17:28:48.868+0900 [DEBUG] [org.gradle.internal.remote.internal.inet.InetAddresses] Is this a loopback interface? false
2026-09-08T17:28:48.868+0900 [DEBUG] [org.gradle.internal.remote.internal.inet.InetAddresses] Adding IP addresses for network interface WAN Miniport (Network Monitor)-WFP Native MAC Layer LightWeight Filter-0000
2026-09-08T17:28:48.868+0900 [DEBUG] [org.gradle.internal.remote.internal.inet.InetAddresses] Is this a loopback interface? false
2026-09-08T17:28:48.868+0900 [DEBUG] [org.gradle.internal.remote.internal.inet.InetAddresses] Adding IP addresses for network interface Realtek PCIe GbE Family Controller-WFP Native MAC Layer LightWeight Filter-0000
2026-09-08T17:28:48.868+0900 [DEBUG] [org.gradle.internal.remote.internal.inet.InetAddresses] Is this a loopback interface? false
2026-09-08T17:28:48.868+0900 [DEBUG] [org.gradle.internal.remote.internal.inet.InetAddresses] Adding IP addresses for network interface Realtek PCIe GbE Family Controller-QoS Packet Scheduler-0000
2026-09-08T17:28:48.869+0900 [DEBUG] [org.gradle.internal.remote.internal.inet.InetAddresses] Is this a loopback interface? false
2026-09-08T17:28:48.869+0900 [DEBUG] [org.gradle.internal.remote.internal.inet.InetAddresses] Adding IP addresses for network interface Realtek PCIe GbE Family Controller-WFP 802.3 MAC Layer LightWeight Filter-0000
2026-09-08T17:28:48.869+0900 [DEBUG] [org.gradle.internal.remote.internal.inet.InetAddresses] Is this a loopback interface? false
2026-09-08T17:28:48.869+0900 [DEBUG] [org.gradle.internal.remote.internal.inet.InetAddresses] Adding IP addresses for network interface WAN Miniport (Network Monitor)-QoS Packet Scheduler-0000
2026-09-08T17:28:48.869+0900 [DEBUG] [org.gradle.internal.remote.internal.inet.InetAddresses] Is this a loopback interface? false
2026-09-08T17:28:48.870+0900 [DEBUG] [org.gradle.internal.remote.internal.inet.InetAddresses] Adding IP addresses for network interface Hyper-V Virtual Switch Extension Adapter #2-Hyper-V Virtual Switch Extension Filter-0000
2026-09-08T17:28:48.870+0900 [DEBUG] [org.gradle.internal.remote.internal.inet.InetAddresses] Is this a loopback interface? false
2026-09-08T17:28:48.870+0900 [DEBUG] [org.gradle.internal.remote.internal.inet.InetAddresses] Adding IP addresses for network interface Hyper-V Virtual Switch Extension Adapter #2-Virtual Filtering Platform VMSwitch Extension-0000
2026-09-08T17:28:48.870+0900 [DEBUG] [org.gradle.internal.remote.internal.inet.InetAddresses] Is this a loopback interface? false
2026-09-08T17:28:48.870+0900 [DEBUG] [org.gradle.internal.remote.internal.inet.InetAddresses] Adding IP addresses for network interface Hyper-V Virtual Ethernet Adapter #2-WFP Native MAC Layer LightWeight Filter-0000
2026-09-08T17:28:48.871+0900 [DEBUG] [org.gradle.internal.remote.internal.inet.InetAddresses] Is this a loopback interface? false
2026-09-08T17:28:48.871+0900 [DEBUG] [org.gradle.internal.remote.internal.inet.InetAddresses] Adding IP addresses for network interface Hyper-V Virtual Ethernet Adapter #2-QoS Packet Scheduler-0000
2026-09-08T17:28:48.871+0900 [DEBUG] [org.gradle.internal.remote.internal.inet.InetAddresses] Is this a loopback interface? false
2026-09-08T17:28:48.871+0900 [DEBUG] [org.gradle.internal.remote.internal.inet.InetAddresses] Adding IP addresses for network interface Hyper-V Virtual Ethernet Adapter #2-WFP 802.3 MAC Layer LightWeight Filter-0000
2026-09-08T17:28:48.871+0900 [DEBUG] [org.gradle.internal.remote.internal.inet.InetAddresses] Is this a loopback interface? false
2026-09-08T17:28:48.872+0900 [DEBUG] [org.gradle.internal.remote.internal.inet.InetAddresses] Adding IP addresses for network interface Realtek PCIe GbE Family Controller
2026-09-08T17:28:48.872+0900 [DEBUG] [org.gradle.internal.remote.internal.inet.InetAddresses] Is this a loopback interface? false
2026-09-08T17:28:48.872+0900 [DEBUG] [org.gradle.internal.remote.internal.inet.InetAddresses] Adding remote address /fe80:0:0:0:23f8:820:ed99:5313%ethernet_32768
2026-09-08T17:28:48.872+0900 [DEBUG] [org.gradle.internal.remote.internal.inet.InetAddresses] Adding remote address /70.12.50.124
2026-09-08T17:28:48.872+0900 [DEBUG] [org.gradle.internal.remote.internal.inet.InetAddresses] Adding IP addresses for network interface Microsoft Kernel Debug Network Adapter
2026-09-08T17:28:48.872+0900 [DEBUG] [org.gradle.internal.remote.internal.inet.InetAddresses] Is this a loopback interface? false
2026-09-08T17:28:48.872+0900 [DEBUG] [org.gradle.internal.remote.internal.inet.InetAddresses] Adding IP addresses for network interface WAN Miniport (IP)
2026-09-08T17:28:48.873+0900 [DEBUG] [org.gradle.internal.remote.internal.inet.InetAddresses] Is this a loopback interface? false
2026-09-08T17:28:48.873+0900 [DEBUG] [org.gradle.internal.remote.internal.inet.InetAddresses] Adding IP addresses for network interface WAN Miniport (IPv6)
2026-09-08T17:28:48.873+0900 [DEBUG] [org.gradle.internal.remote.internal.inet.InetAddresses] Is this a loopback interface? false
2026-09-08T17:28:48.873+0900 [DEBUG] [org.gradle.internal.remote.internal.inet.InetAddresses] Adding IP addresses for network interface WAN Miniport (Network Monitor)
2026-09-08T17:28:48.873+0900 [DEBUG] [org.gradle.internal.remote.internal.inet.InetAddresses] Is this a loopback interface? false
2026-09-08T17:28:48.873+0900 [DEBUG] [org.gradle.internal.remote.internal.inet.InetAddresses] Adding IP addresses for network interface Bluetooth Device (Personal Area Network)
2026-09-08T17:28:48.873+0900 [DEBUG] [org.gradle.internal.remote.internal.inet.InetAddresses] Is this a loopback interface? false
2026-09-08T17:28:48.874+0900 [DEBUG] [org.gradle.internal.remote.internal.inet.InetAddresses] Adding IP addresses for network interface Hyper-V Virtual Switch Extension Adapter
2026-09-08T17:28:48.874+0900 [DEBUG] [org.gradle.internal.remote.internal.inet.InetAddresses] Is this a loopback interface? false
2026-09-08T17:28:48.874+0900 [DEBUG] [org.gradle.internal.remote.internal.inet.InetAddresses] Adding IP addresses for network interface Hyper-V Virtual Ethernet Adapter
2026-09-08T17:28:48.874+0900 [DEBUG] [org.gradle.internal.remote.internal.inet.InetAddresses] Is this a loopback interface? false
2026-09-08T17:28:48.874+0900 [DEBUG] [org.gradle.internal.remote.internal.inet.InetAddresses] Adding remote address /fe80:0:0:0:43a2:ab46:3e8f:b1b3%ethernet_32775
2026-09-08T17:28:48.874+0900 [DEBUG] [org.gradle.internal.remote.internal.inet.InetAddresses] Adding remote address /172.20.112.1
2026-09-08T17:28:48.874+0900 [DEBUG] [org.gradle.internal.remote.internal.inet.InetAddresses] Adding IP addresses for network interface Hyper-V Virtual Switch Extension Adapter #2
2026-09-08T17:28:48.875+0900 [DEBUG] [org.gradle.internal.remote.internal.inet.InetAddresses] Is this a loopback interface? false
2026-09-08T17:28:48.875+0900 [DEBUG] [org.gradle.internal.remote.internal.inet.InetAddresses] Adding IP addresses for network interface Hyper-V Virtual Ethernet Adapter #2
2026-09-08T17:28:48.875+0900 [DEBUG] [org.gradle.internal.remote.internal.inet.InetAddresses] Is this a loopback interface? false
2026-09-08T17:28:48.875+0900 [DEBUG] [org.gradle.internal.remote.internal.inet.InetAddresses] Adding remote address /fe80:0:0:0:12cb:6f11:f456:2d06%ethernet_32777
2026-09-08T17:28:48.875+0900 [DEBUG] [org.gradle.internal.remote.internal.inet.InetAddresses] Adding remote address /172.28.80.1
2026-09-08T17:28:48.875+0900 [DEBUG] [org.gradle.internal.remote.internal.inet.InetAddresses] Adding IP addresses for network interface WAN Miniport (PPPOE)
2026-09-08T17:28:48.876+0900 [DEBUG] [org.gradle.internal.remote.internal.inet.InetAddresses] Is this a loopback interface? false
2026-09-08T17:28:48.876+0900 [DEBUG] [org.gradle.internal.remote.internal.inet.InetAddresses] Adding IP addresses for network interface Software Loopback Interface 1
2026-09-08T17:28:48.876+0900 [DEBUG] [org.gradle.internal.remote.internal.inet.InetAddresses] Is this a loopback interface? true
2026-09-08T17:28:48.876+0900 [DEBUG] [org.gradle.internal.remote.internal.inet.InetAddresses] Adding loopback address /0:0:0:0:0:0:0:1
2026-09-08T17:28:48.877+0900 [DEBUG] [org.gradle.internal.remote.internal.inet.InetAddresses] Adding loopback address /127.0.0.1
2026-09-08T17:28:48.877+0900 [DEBUG] [org.gradle.internal.remote.internal.inet.InetAddresses] Adding IP addresses for network interface Intel(R) Wi-Fi 6 AX201 160MHz
2026-09-08T17:28:48.877+0900 [DEBUG] [org.gradle.internal.remote.internal.inet.InetAddresses] Is this a loopback interface? false
2026-09-08T17:28:48.877+0900 [DEBUG] [org.gradle.internal.remote.internal.inet.InetAddresses] Adding IP addresses for network interface Microsoft Teredo Tunneling Adapter
2026-09-08T17:28:48.877+0900 [DEBUG] [org.gradle.internal.remote.internal.inet.InetAddresses] Is this a loopback interface? false
2026-09-08T17:28:48.877+0900 [DEBUG] [org.gradle.internal.remote.internal.inet.InetAddresses] Adding IP addresses for network interface Microsoft IP-HTTPS Platform Adapter
2026-09-08T17:28:48.877+0900 [DEBUG] [org.gradle.internal.remote.internal.inet.InetAddresses] Is this a loopback interface? false
2026-09-08T17:28:48.877+0900 [DEBUG] [org.gradle.internal.remote.internal.inet.InetAddresses] Adding IP addresses for network interface Microsoft 6to4 Adapter
2026-09-08T17:28:48.878+0900 [DEBUG] [org.gradle.internal.remote.internal.inet.InetAddresses] Is this a loopback interface? false
2026-09-08T17:28:48.878+0900 [DEBUG] [org.gradle.internal.remote.internal.inet.InetAddresses] Adding IP addresses for network interface WAN Miniport (SSTP)
2026-09-08T17:28:48.878+0900 [DEBUG] [org.gradle.internal.remote.internal.inet.InetAddresses] Is this a loopback interface? false
2026-09-08T17:28:48.878+0900 [DEBUG] [org.gradle.internal.remote.internal.inet.InetAddresses] Adding IP addresses for network interface WAN Miniport (IKEv2)
2026-09-08T17:28:48.878+0900 [DEBUG] [org.gradle.internal.remote.internal.inet.InetAddresses] Is this a loopback interface? false
2026-09-08T17:28:48.878+0900 [DEBUG] [org.gradle.internal.remote.internal.inet.InetAddresses] Adding IP addresses for network interface WAN Miniport (L2TP)
2026-09-08T17:28:48.879+0900 [DEBUG] [org.gradle.internal.remote.internal.inet.InetAddresses] Is this a loopback interface? false
2026-09-08T17:28:48.879+0900 [DEBUG] [org.gradle.internal.remote.internal.inet.InetAddresses] Adding IP addresses for network interface WAN Miniport (PPTP)
2026-09-08T17:28:48.879+0900 [DEBUG] [org.gradle.internal.remote.internal.inet.InetAddresses] Is this a loopback interface? false
2026-09-08T17:28:48.898+0900 [INFO] [org.gradle.launcher.daemon.server.Daemon] start() called on daemon - DefaultDaemonContext[uid=6d2b1307-18c9-44e1-8285-be3b55577f4e,javaHome=C:\Users\SSAFY\.jdks\temurin-21.0.12.1,javaVersion=21,javaVendor=Eclipse Adoptium,daemonRegistryDir=C:\Users\SSAFY\Desktop\스터디\travel\.gradle-user\daemon,pid=5864,idleTimeout=120000,priority=NORMAL,applyInstrumentationAgent=true,nativeServicesMode=ENABLED,daemonOpts=-XX:MaxMetaspaceSize=384m,-XX:+HeapDumpOnOutOfMemoryError,-Xms256m,-Xmx512m,-Dfile.encoding=UTF-8,-Duser.country=KR,-Duser.language=ko,-Duser.variant]
2026-09-08T17:28:56.918+0900 [DEBUG] [org.gradle.internal.remote.internal.inet.TcpIncomingConnector] Listening on [a30c47e1-63c1-46bd-ac12-0bdacd5b2ce9 port:51370, addresses:[localhost/127.0.0.1]].
2026-09-08T17:28:56.926+0900 [DEBUG] [org.gradle.launcher.daemon.server.Daemon] Daemon starting at: Tue Sep 08 17:28:56 KST 2026, with address: [a30c47e1-63c1-46bd-ac12-0bdacd5b2ce9 port:51370, addresses:[localhost/127.0.0.1]]
2026-09-08T17:28:56.926+0900 [INFO] [org.gradle.launcher.daemon.server.DaemonRegistryUpdater] Advertising the daemon address to the clients: [a30c47e1-63c1-46bd-ac12-0bdacd5b2ce9 port:51370, addresses:[localhost/127.0.0.1]]
2026-09-08T17:28:56.926+0900 [DEBUG] [org.gradle.launcher.daemon.server.DaemonRegistryUpdater] Advertised daemon context: DefaultDaemonContext[uid=6d2b1307-18c9-44e1-8285-be3b55577f4e,javaHome=C:\Users\SSAFY\.jdks\temurin-21.0.12.1,javaVersion=21,javaVendor=Eclipse Adoptium,daemonRegistryDir=C:\Users\SSAFY\Desktop\스터디\travel\.gradle-user\daemon,pid=5864,idleTimeout=120000,priority=NORMAL,applyInstrumentationAgent=true,nativeServicesMode=ENABLED,daemonOpts=-XX:MaxMetaspaceSize=384m,-XX:+HeapDumpOnOutOfMemoryError,-Xms256m,-Xmx512m,-Dfile.encoding=UTF-8,-Duser.country=KR,-Duser.language=ko,-Duser.variant]
2026-09-08T17:28:56.927+0900 [DEBUG] [org.gradle.launcher.daemon.registry.PersistentDaemonRegistry] Storing daemon address: [a30c47e1-63c1-46bd-ac12-0bdacd5b2ce9 port:51370, addresses:[localhost/127.0.0.1]], context: DefaultDaemonContext[uid=6d2b1307-18c9-44e1-8285-be3b55577f4e,javaHome=C:\Users\SSAFY\.jdks\temurin-21.0.12.1,javaVersion=21,javaVendor=Eclipse Adoptium,daemonRegistryDir=C:\Users\SSAFY\Desktop\스터디\travel\.gradle-user\daemon,pid=5864,idleTimeout=120000,priority=NORMAL,applyInstrumentationAgent=true,nativeServicesMode=ENABLED,daemonOpts=-XX:MaxMetaspaceSize=384m,-XX:+HeapDumpOnOutOfMemoryError,-Xms256m,-Xmx512m,-Dfile.encoding=UTF-8,-Duser.country=KR,-Duser.language=ko,-Duser.variant]
2026-09-08T17:28:56.934+0900 [DEBUG] [org.gradle.cache.internal.DefaultFileLockManager] Waiting to acquire exclusive lock on daemon addresses registry.
2026-09-08T17:28:56.937+0900 [DEBUG] [org.gradle.cache.internal.DefaultFileLockManager] Lock acquired on daemon addresses registry.
2026-09-08T17:28:56.940+0900 [DEBUG] [org.gradle.cache.internal.DefaultFileLockManager] Releasing lock on daemon addresses registry.
2026-09-08T17:28:56.941+0900 [LIFECYCLE] [org.gradle.launcher.daemon.server.Daemon] Daemon server started.
2026-09-08T17:28:56.941+0900 [DEBUG] [org.gradle.launcher.daemon.bootstrap.DaemonStartupCommunication] Completed writing the daemon greeting. Closing streams...
2026-09-08T17:28:56.947+0900 [DEBUG] [org.gradle.launcher.daemon.server.Daemon] stopOnExpiration() called on daemon
2026-09-08T17:28:56.947+0900 [DEBUG] [org.gradle.launcher.daemon.server.Daemon] awaitExpiration() called on daemon
2026-09-08T17:28:56.948+0900 [DEBUG] [org.gradle.launcher.daemon.server.DaemonStateCoordinator] daemon is running. Sleeping until state changes.
2026-09-08T17:28:56.956+0900 [DEBUG] [org.gradle.internal.remote.internal.inet.TcpIncomingConnector] Accepted connection from /127.0.0.1:51371 to /127.0.0.1:51370.
2026-09-08T17:28:56.988+0900 [DEBUG] [org.gradle.launcher.daemon.server.SynchronizedDispatchConnection] thread 75: received class org.gradle.launcher.daemon.protocol.Build
2026-09-08T17:28:56.989+0900 [DEBUG] [org.gradle.launcher.daemon.server.DefaultDaemonConnection] thread 75: Received non-IO message from client: Build{id=41e67c09-5139-41fe-8cef-e38ef9e5cea0, currentDir=C:\Users\SSAFY\Desktop\스터디\travel}
2026-09-08T17:28:56.989+0900 [INFO] [org.gradle.launcher.daemon.server.DefaultIncomingConnectionHandler] Received command: Build{id=41e67c09-5139-41fe-8cef-e38ef9e5cea0, currentDir=C:\Users\SSAFY\Desktop\스터디\travel}.
2026-09-08T17:28:56.989+0900 [DEBUG] [org.gradle.launcher.daemon.server.DefaultIncomingConnectionHandler] Starting executing command: Build{id=41e67c09-5139-41fe-8cef-e38ef9e5cea0, currentDir=C:\Users\SSAFY\Desktop\스터디\travel} with connection: socket connection from /127.0.0.1:51370 to /127.0.0.1:51371.
2026-09-08T17:28:56.990+0900 [DEBUG] [org.gradle.launcher.daemon.server.DaemonStateCoordinator] Command execution: started DaemonCommandExecution[command = Build{id=41e67c09-5139-41fe-8cef-e38ef9e5cea0, currentDir=C:\Users\SSAFY\Desktop\스터디\travel}, connection = DefaultDaemonConnection: socket connection from /127.0.0.1:51370 to /127.0.0.1:51371] after 0.0012166666666666667 minutes of idle
2026-09-08T17:28:56.990+0900 [INFO] [org.gradle.launcher.daemon.server.DaemonRegistryUpdater] Marking the daemon as busy, address: [a30c47e1-63c1-46bd-ac12-0bdacd5b2ce9 port:51370, addresses:[localhost/127.0.0.1]]
2026-09-08T17:28:56.990+0900 [DEBUG] [org.gradle.launcher.daemon.registry.PersistentDaemonRegistry] Marking busy by address: [a30c47e1-63c1-46bd-ac12-0bdacd5b2ce9 port:51370, addresses:[localhost/127.0.0.1]]
2026-09-08T17:28:56.991+0900 [DEBUG] [org.gradle.cache.internal.DefaultFileLockManager] Waiting to acquire exclusive lock on daemon addresses registry.
2026-09-08T17:28:56.991+0900 [DEBUG] [org.gradle.cache.internal.DefaultFileLockManager] Lock acquired on daemon addresses registry.
2026-09-08T17:28:56.992+0900 [DEBUG] [org.gradle.cache.internal.DefaultFileLockManager] Releasing lock on daemon addresses registry.
2026-09-08T17:28:56.992+0900 [DEBUG] [org.gradle.launcher.daemon.server.DaemonStateCoordinator] resetting idle timer
2026-09-08T17:28:56.992+0900 [DEBUG] [org.gradle.launcher.daemon.server.DaemonStateCoordinator] daemon is running. Sleeping until state changes.
2026-09-08T17:28:56.993+0900 [INFO] [org.gradle.launcher.daemon.server.exec.StartBuildOrRespondWithBusy] Daemon is about to start building Build{id=41e67c09-5139-41fe-8cef-e38ef9e5cea0, currentDir=C:\Users\SSAFY\Desktop\스터디\travel}. Dispatching build started information...
2026-09-08T17:28:56.993+0900 [DEBUG] [org.gradle.launcher.daemon.server.SynchronizedDispatchConnection] thread 77: dispatching org.gradle.launcher.daemon.protocol.BuildStarted@692515d6
2026-09-08T17:28:56.994+0900 [DEBUG] [org.gradle.launcher.daemon.server.exec.LogToClient] About to start relaying all logs to the client via the connection.
2026-09-08T17:28:56.994+0900 [INFO] [org.gradle.launcher.daemon.server.exec.LogToClient] The client will now receive all logging from the daemon (pid: 5864). The daemon log file: C:\Users\SSAFY\Desktop\스터디\travel\.gradle-user\daemon\9.7.1\daemon-5864.out.log
2026-09-08T17:28:56.994+0900 [DEBUG] [org.gradle.launcher.daemon.server.exec.ApplyClientEnvironmentVariables] Configuring env variables: [EFC_9716_4126798990, PATH, USERDOMAIN_ROAMINGPROFILE, PROCESSOR_LEVEL, INTELLIJ_TERMINAL_COMMAND_BLOCKS_REWORKED, EFC_9716_1262719628, GIT_PAGER, SESSIONNAME, ALLUSERSPROFILE, GIT_CONFIG_COUNT, PROCESSOR_ARCHITECTURE, PSModulePath, SystemDrive, GH_PAGER, COLORTERM, USERNAME, GIT_CONFIG_VALUE_0, GIT_CONFIG_VALUE_1, ProgramFiles(x86), CODEX_MANAGED_BY_NPM, EFC_9716_1592913036, FPS_BROWSER_USER_PROFILE_STRING, CODEX_SANDBOX_NETWORK_DISABLED, PATHEXT, DriverData, FIG_TERM, PAGER, CODEX_PERMISSION_PROFILE, ProgramData, ProgramW6432, PROCESS_LAUNCHED_BY_CW, EFC_9716_2775293581, HOMEPATH, EFC_9716_2283032206, LC_ALL, PROCESSOR_IDENTIFIER, ProgramFiles, PUBLIC, LESS, windir, LC_CTYPE, CODEX_SESSION_ID, CODEX_MANAGED_PACKAGE_ROOT, LOCALAPPDATA, IntelliJ IDEA, USERDOMAIN, FPS_BROWSER_APP_PROFILE_STRING, LOGONSERVER, JAVA_HOME, PROMPT, TERM, LANG, OneDrive, =C:, APPDATA, GRADLE_USER_HOME, CODEX_THREAD_ID, NO_COLOR, CODEX_CI, CommonProgramFiles, GIT_CONFIG_KEY_1, Path, GIT_CONFIG_KEY_0, OS, COMPUTERNAME, PROCESSOR_REVISION, PROCESS_LAUNCHED_BY_Q, CommonProgramW6432, ComSpec, TERMINAL_EMULATOR, PSExecutionPolicyPreference, SystemRoot, TEMP, HOMEDRIVE, USERPROFILE, TMP, EFC_9716_3789132940, CommonProgramFiles(x86), NUMBER_OF_PROCESSORS]
2026-09-08T17:28:56.997+0900 [DEBUG] [org.gradle.launcher.daemon.server.exec.RequestStopIfSingleUsedDaemon] Requesting daemon stop after processing Build{id=41e67c09-5139-41fe-8cef-e38ef9e5cea0, currentDir=C:\Users\SSAFY\Desktop\스터디\travel}
2026-09-08T17:28:56.998+0900 [LIFECYCLE] [org.gradle.launcher.daemon.server.DaemonStateCoordinator] Daemon will be stopped at the end of the build 
2026-09-08T17:28:56.998+0900 [DEBUG] [org.gradle.launcher.daemon.server.DaemonStateCoordinator] Stop as soon as idle requested. The daemon is busy
2026-09-08T17:28:56.998+0900 [DEBUG] [org.gradle.launcher.daemon.server.DaemonStateCoordinator] daemon stop has been requested. Sleeping until state changes.
2026-09-08T17:28:57.000+0900 [DEBUG] [org.gradle.launcher.daemon.server.exec.ExecuteBuild] The daemon has started executing the build.
2026-09-08T17:28:57.000+0900 [DEBUG] [org.gradle.launcher.daemon.server.exec.ExecuteBuild] Executing build with daemon context: DefaultDaemonContext[uid=6d2b1307-18c9-44e1-8285-be3b55577f4e,javaHome=C:\Users\SSAFY\.jdks\temurin-21.0.12.1,javaVersion=21,javaVendor=Eclipse Adoptium,daemonRegistryDir=C:\Users\SSAFY\Desktop\스터디\travel\.gradle-user\daemon,pid=5864,idleTimeout=120000,priority=NORMAL,applyInstrumentationAgent=true,nativeServicesMode=ENABLED,daemonOpts=-XX:MaxMetaspaceSize=384m,-XX:+HeapDumpOnOutOfMemoryError,-Xms256m,-Xmx512m,-Dfile.encoding=UTF-8,-Duser.country=KR,-Duser.language=ko,-Duser.variant]

FAILURE: Build failed with an exception.

* What went wrong:
Execution failed for task ':compileTestJava' (registered by plugin class 'org.gradle.api.plugins.JavaBasePlugin').
> Could not resolve all files for configuration ':testCompileClasspath'.
   > Could not resolve org.springframework.boot:spring-boot-starter-validation-test:4.1.1.
     Required by:
         root project 'travel'
      > Repository MavenRepo is disabled due to earlier error below:
         > Could not resolve org.springframework.boot:spring-boot-starter-webmvc-test:4.1.1.
            > Could not get resource 'https://repo.maven.apache.org/maven2/org/springframework/boot/spring-boot-starter-webmvc-test/4.1.1/spring-boot-starter-webmvc-test-4.1.1.pom'.
               > Could not GET 'https://repo.maven.apache.org/maven2/org/springframework/boot/spring-boot-starter-webmvc-test/4.1.1/spring-boot-starter-webmvc-test-4.1.1.pom'.
                  > Got socket exception during request. It might be caused by SSL misconfiguration
                     > Permission denied: getsockopt
> There is 1 more failure with an identical cause.

* Try:
> Run with --stacktrace option to get the stack trace.
> Run with --info or --debug option to get more log output.
> Run with --scan to get full insights from a Build Scan (powered by Develocity).
> Get more help at https://help.gradle.org.

BUILD FAILED in 27s
3 actionable tasks: 1 executed, 2 up-to-date
2026-09-08T17:29:07.069+0900 [DEBUG] [org.gradle.launcher.daemon.server.exec.ExecuteBuild] The daemon has finished executing the build.
2026-09-08T17:29:07.085+0900 [DEBUG] [org.gradle.launcher.daemon.server.DaemonStateCoordinator] daemon stop has been requested. Sleeping until state changes.
2026-09-08T17:29:07.085+0900 [DEBUG] [org.gradle.launcher.daemon.server.DaemonStateCoordinator] Command execution: finished waiting for DaemonCommandExecution[command = Build{id=41e67c09-5139-41fe-8cef-e38ef9e5cea0, currentDir=C:\Users\SSAFY\Desktop\스터디\travel}, connection = DefaultDaemonConnection: socket connection from /127.0.0.1:51370 to /127.0.0.1:51371]. Result org.gradle.launcher.daemon.server.DaemonStateCoordinator@4f1a6f73 with state StopRequested
2026-09-08T17:29:07.086+0900 [DEBUG] [org.gradle.launcher.daemon.server.DaemonStateCoordinator] Command execution: completed DaemonCommandExecution[command = Build{id=41e67c09-5139-41fe-8cef-e38ef9e5cea0, currentDir=C:\Users\SSAFY\Desktop\스터디\travel}, connection = DefaultDaemonConnection: socket connection from /127.0.0.1:51370 to /127.0.0.1:51371]
2026-09-08T17:29:07.086+0900 [DEBUG] [org.gradle.launcher.daemon.server.DaemonStateCoordinator] resetting idle timer
2026-09-08T17:29:07.086+0900 [DEBUG] [org.gradle.launcher.daemon.server.DaemonStateCoordinator] Marking daemon stopped due to command completed and stop requested. The daemon is not running a build
2026-09-08T17:29:07.086+0900 [DEBUG] [org.gradle.launcher.daemon.server.DaemonStateCoordinator] daemon has stopped.
2026-09-08T17:29:07.086+0900 [DEBUG] [org.gradle.launcher.daemon.server.exec.ReturnResult] Daemon is dispatching the build result: Success[value=org.gradle.launcher.exec.BuildActionResult@38a9347a]
2026-09-08T17:29:07.086+0900 [DEBUG] [org.gradle.launcher.daemon.server.SynchronizedDispatchConnection] thread 74: dispatching Success[value=org.gradle.launcher.exec.BuildActionResult@38a9347a]
2026-09-08T17:29:07.086+0900 [DEBUG] [org.gradle.launcher.daemon.server.Daemon] stop() called on daemon
2026-09-08T17:29:07.086+0900 [INFO] [org.gradle.launcher.daemon.server.Daemon] Stop requested. Daemon is removing its presence from the registry...
2026-09-08T17:29:07.087+0900 [DEBUG] [org.gradle.launcher.daemon.server.DaemonRegistryUpdater] Removing our presence to clients, eg. removing this address from the registry: [a30c47e1-63c1-46bd-ac12-0bdacd5b2ce9 port:51370, addresses:[localhost/127.0.0.1]]
2026-09-08T17:29:07.087+0900 [DEBUG] [org.gradle.launcher.daemon.registry.PersistentDaemonRegistry] Removing daemon address: [a30c47e1-63c1-46bd-ac12-0bdacd5b2ce9 port:51370, addresses:[localhost/127.0.0.1]]
2026-09-08T17:29:07.087+0900 [DEBUG] [org.gradle.cache.internal.DefaultFileLockManager] Waiting to acquire exclusive lock on daemon addresses registry.
2026-09-08T17:29:07.088+0900 [DEBUG] [org.gradle.cache.internal.DefaultFileLockManager] Lock acquired on daemon addresses registry.
2026-09-08T17:29:07.088+0900 [DEBUG] [org.gradle.cache.internal.DefaultFileLockManager] Releasing lock on daemon addresses registry.
2026-09-08T17:29:07.088+0900 [DEBUG] [org.gradle.launcher.daemon.server.DaemonRegistryUpdater] Address removed from registry.
2026-09-08T17:29:07.093+0900 [DEBUG] [org.gradle.launcher.daemon.server.exec.CleanUpVirtualFileSystemAfterBuild] Cleaning virtual file system after build finished
2026-09-08T17:29:07.093+0900 [DEBUG] [org.gradle.launcher.daemon.server.DefaultIncomingConnectionHandler] Finishing executing command: Build{id=41e67c09-5139-41fe-8cef-e38ef9e5cea0, currentDir=C:\Users\SSAFY\Desktop\스터디\travel}
2026-09-08T17:29:07.109+0900 [DEBUG] [org.gradle.launcher.daemon.server.SynchronizedDispatchConnection] thread 75: received class org.gradle.launcher.daemon.protocol.CloseInput
2026-09-08T17:29:07.109+0900 [DEBUG] [org.gradle.launcher.daemon.server.DefaultDaemonConnection] thread 75: Received IO message from client: org.gradle.launcher.daemon.protocol.CloseInput@3fcc7c6d
2026-09-08T17:29:07.109+0900 [DEBUG] [org.gradle.launcher.daemon.server.SynchronizedDispatchConnection] thread 75: received class org.gradle.launcher.daemon.protocol.Finished
2026-09-08T17:29:07.109+0900 [DEBUG] [org.gradle.launcher.daemon.server.DefaultDaemonConnection] thread 75: Received non-IO message from client: org.gradle.launcher.daemon.protocol.Finished@6d34254b
2026-09-08T17:29:07.109+0900 [DEBUG] [org.gradle.launcher.daemon.server.DefaultIncomingConnectionHandler] Received finished message: org.gradle.launcher.daemon.protocol.Finished@6d34254b
2026-09-08T17:29:07.109+0900 [DEBUG] [org.gradle.launcher.daemon.server.SynchronizedDispatchConnection] thread 74: stopping connection
2026-09-08T17:29:07.110+0900 [DEBUG] [org.gradle.internal.remote.internal.inet.SocketConnection] Discarding EOFException: java.io.EOFException
2026-09-08T17:29:07.110+0900 [DEBUG] [org.gradle.launcher.daemon.server.SynchronizedDispatchConnection] thread 75: received null
2026-09-08T17:29:07.110+0900 [DEBUG] [org.gradle.launcher.daemon.server.DefaultDaemonConnection] thread 75: Received end-of-input from client.
2026-09-08T17:29:07.110+0900 [DEBUG] [org.gradle.launcher.daemon.server.SynchronizedDispatchConnection] thread 74: stopping connection
2026-09-08T17:29:07.111+0900 [DEBUG] [org.gradle.cache.internal.LockOnDemandCrossProcessCacheAccess] Releasing file lock for jars (C:\Users\SSAFY\Desktop\스터디\travel\.gradle-user\caches\jars-9)
2026-09-08T17:29:07.111+0900 [DEBUG] [org.gradle.cache.internal.DefaultFileLockManager] Releasing lock on jars (C:\Users\SSAFY\Desktop\스터디\travel\.gradle-user\caches\jars-9).
2026-09-08T17:29:07.112+0900 [DEBUG] [org.gradle.cache.internal.DefaultCacheCleanupExecutor] jars (C:\Users\SSAFY\Desktop\스터디\travel\.gradle-user\caches\jars-9) has last been fully cleaned up 24 hours ago
2026-09-08T17:29:07.112+0900 [DEBUG] [org.gradle.internal.operations.DefaultBuildOperationRunner] Build operation 'Clean up jars (C:\Users\SSAFY\Desktop\스터디\travel\.gradle-user\caches\jars-9)' started
2026-09-08T17:29:07.116+0900 [INFO] [org.gradle.cache.internal.AbstractCacheCleanup] jars (C:\Users\SSAFY\Desktop\스터디\travel\.gradle-user\caches\jars-9) cleanup deleted 0 files/directories.
2026-09-08T17:29:07.116+0900 [INFO] [org.gradle.cache.internal.LeastRecentlyUsedCacheCleanup] jars (C:\Users\SSAFY\Desktop\스터디\travel\.gradle-user\caches\jars-9) removing files not accessed on or after Tue Sep 01 17:29:07 KST 2026.
2026-09-08T17:29:07.117+0900 [INFO] [org.gradle.cache.internal.AbstractCacheCleanup] jars (C:\Users\SSAFY\Desktop\스터디\travel\.gradle-user\caches\jars-9) cleanup deleted 0 files/directories.
2026-09-08T17:29:07.117+0900 [DEBUG] [org.gradle.internal.operations.DefaultBuildOperationRunner] Completing Build operation 'Clean up jars (C:\Users\SSAFY\Desktop\스터디\travel\.gradle-user\caches\jars-9)'
2026-09-08T17:29:07.117+0900 [DEBUG] [org.gradle.internal.operations.DefaultBuildOperationRunner] Build operation 'Clean up jars (C:\Users\SSAFY\Desktop\스터디\travel\.gradle-user\caches\jars-9)' completed
2026-09-08T17:29:07.118+0900 [INFO] [org.gradle.cache.internal.DefaultCacheCleanupExecutor] jars (C:\Users\SSAFY\Desktop\스터디\travel\.gradle-user\caches\jars-9) cleaned up in 0.005 secs.
2026-09-08T17:29:07.118+0900 [DEBUG] [org.gradle.cache.internal.LockOnDemandCrossProcessCacheAccess] Releasing file lock for file content cache (C:\Users\SSAFY\Desktop\스터디\travel\.gradle-user\caches\9.7.1\fileContent)
2026-09-08T17:29:07.118+0900 [DEBUG] [org.gradle.cache.internal.DefaultFileLockManager] Releasing lock on file content cache (C:\Users\SSAFY\Desktop\스터디\travel\.gradle-user\caches\9.7.1\fileContent).
2026-09-08T17:29:07.118+0900 [DEBUG] [org.gradle.internal.watch.vfs.impl.WatchingVirtualFileSystem] Closing VFS, dropping state
2026-09-08T17:29:07.119+0900 [DEBUG] [org.gradle.internal.watch.registry.impl.DefaultFileWatcherRegistry] Finished listening to file system change events
2026-09-08T17:29:07.119+0900 [DEBUG] [org.gradle.cache.internal.DefaultCacheCoordinator] Cache Generated Gradle JARs cache (C:\Users\SSAFY\Desktop\스터디\travel\.gradle-user\caches\9.7.1\generated-gradle-jars) was closed 0 times.
2026-09-08T17:29:07.119+0900 [DEBUG] [org.gradle.cache.internal.LockOnDemandCrossProcessCacheAccess] Releasing file lock for artifact cache (C:\Users\SSAFY\Desktop\스터디\travel\.gradle-user\caches\modules-2)
2026-09-08T17:29:07.119+0900 [DEBUG] [org.gradle.cache.internal.btree.BTreePersistentIndexedCache] Closing cache module-artifact.bin (C:\Users\SSAFY\Desktop\스터디\travel\.gradle-user\caches\modules-2\metadata-2.107\module-artifact.bin)
2026-09-08T17:29:07.119+0900 [DEBUG] [org.gradle.cache.internal.btree.BTreePersistentIndexedCache] Closing cache module-metadata.bin (C:\Users\SSAFY\Desktop\스터디\travel\.gradle-user\caches\modules-2\metadata-2.107\module-metadata.bin)
2026-09-08T17:29:07.119+0900 [DEBUG] [org.gradle.cache.internal.btree.BTreePersistentIndexedCache] Closing cache resource-at-url.bin (C:\Users\SSAFY\Desktop\스터디\travel\.gradle-user\caches\modules-2\metadata-2.107\resource-at-url.bin)
2026-09-08T17:29:07.119+0900 [DEBUG] [org.gradle.cache.internal.DefaultFileLockManager] Releasing lock on artifact cache (C:\Users\SSAFY\Desktop\스터디\travel\.gradle-user\caches\modules-2).
2026-09-08T17:29:07.119+0900 [DEBUG] [org.gradle.cache.internal.DefaultCacheCleanupExecutor] artifact cache (C:\Users\SSAFY\Desktop\스터디\travel\.gradle-user\caches\modules-2) has last been fully cleaned up 24 hours ago
2026-09-08T17:29:07.120+0900 [DEBUG] [org.gradle.internal.operations.DefaultBuildOperationRunner] Build operation 'Clean up artifact cache (C:\Users\SSAFY\Desktop\스터디\travel\.gradle-user\caches\modules-2)' started
2026-09-08T17:29:07.120+0900 [INFO] [org.gradle.cache.internal.AbstractCacheCleanup] artifact cache (C:\Users\SSAFY\Desktop\스터디\travel\.gradle-user\caches\modules-2) cleanup deleted 0 files/directories.
2026-09-08T17:29:07.121+0900 [INFO] [org.gradle.cache.internal.AbstractCacheCleanup] artifact cache (C:\Users\SSAFY\Desktop\스터디\travel\.gradle-user\caches\modules-2) [subdir: C:\Users\SSAFY\Desktop\스터디\travel\.gradle-user\caches\modules-2\resources-2.1] cleanup deleted 0 files/directories.
2026-09-08T17:29:07.121+0900 [INFO] [org.gradle.cache.internal.LeastRecentlyUsedCacheCleanup] artifact cache (C:\Users\SSAFY\Desktop\스터디\travel\.gradle-user\caches\modules-2) [subdir: C:\Users\SSAFY\Desktop\스터디\travel\.gradle-user\caches\modules-2\resources-2.1] removing files not accessed on or after Sun Aug 09 17:29:07 KST 2026.
2026-09-08T17:29:07.121+0900 [INFO] [org.gradle.cache.internal.AbstractCacheCleanup] artifact cache (C:\Users\SSAFY\Desktop\스터디\travel\.gradle-user\caches\modules-2) [subdir: C:\Users\SSAFY\Desktop\스터디\travel\.gradle-user\caches\modules-2\resources-2.1] cleanup deleted 0 files/directories.
2026-09-08T17:29:07.121+0900 [INFO] [org.gradle.cache.internal.AbstractCacheCleanup] artifact cache (C:\Users\SSAFY\Desktop\스터디\travel\.gradle-user\caches\modules-2) [subdir: C:\Users\SSAFY\Desktop\스터디\travel\.gradle-user\caches\modules-2\files-2.1] cleanup deleted 0 files/directories.
2026-09-08T17:29:07.121+0900 [INFO] [org.gradle.cache.internal.LeastRecentlyUsedCacheCleanup] artifact cache (C:\Users\SSAFY\Desktop\스터디\travel\.gradle-user\caches\modules-2) [subdir: C:\Users\SSAFY\Desktop\스터디\travel\.gradle-user\caches\modules-2\files-2.1] removing files not accessed on or after Sun Aug 09 17:29:07 KST 2026.
2026-09-08T17:29:07.153+0900 [INFO] [org.gradle.cache.internal.AbstractCacheCleanup] artifact cache (C:\Users\SSAFY\Desktop\스터디\travel\.gradle-user\caches\modules-2) [subdir: C:\Users\SSAFY\Desktop\스터디\travel\.gradle-user\caches\modules-2\files-2.1] cleanup deleted 0 files/directories.
2026-09-08T17:29:07.154+0900 [INFO] [org.gradle.cache.internal.AbstractCacheCleanup] artifact cache (C:\Users\SSAFY\Desktop\스터디\travel\.gradle-user\caches\modules-2) [subdir: C:\Users\SSAFY\Desktop\스터디\travel\.gradle-user\caches\modules-2\metadata-2.107] cleanup deleted 0 files/directories.
2026-09-08T17:29:07.154+0900 [INFO] [org.gradle.cache.internal.AbstractCacheCleanup] artifact cache (C:\Users\SSAFY\Desktop\스터디\travel\.gradle-user\caches\modules-2) cleanup deleted 0 files/directories.
2026-09-08T17:29:07.155+0900 [DEBUG] [org.gradle.internal.operations.DefaultBuildOperationRunner] Completing Build operation 'Clean up artifact cache (C:\Users\SSAFY\Desktop\스터디\travel\.gradle-user\caches\modules-2)'
2026-09-08T17:29:07.155+0900 [DEBUG] [org.gradle.internal.operations.DefaultBuildOperationRunner] Build operation 'Clean up artifact cache (C:\Users\SSAFY\Desktop\스터디\travel\.gradle-user\caches\modules-2)' completed
2026-09-08T17:29:07.155+0900 [INFO] [org.gradle.cache.internal.DefaultCacheCleanupExecutor] artifact cache (C:\Users\SSAFY\Desktop\스터디\travel\.gradle-user\caches\modules-2) cleaned up in 0.035 secs.
2026-09-08T17:29:07.155+0900 [DEBUG] [org.gradle.cache.internal.DefaultCacheCleanupExecutor] groovy-dsl has last been fully cleaned up 24 hours ago
2026-09-08T17:29:07.155+0900 [DEBUG] [org.gradle.internal.operations.DefaultBuildOperationRunner] Build operation 'Clean up groovy-dsl' started
2026-09-08T17:29:07.156+0900 [INFO] [org.gradle.cache.internal.LeastRecentlyUsedCacheCleanup] groovy-dsl removing files not accessed on or after Tue Sep 01 17:29:07 KST 2026.
2026-09-08T17:29:07.156+0900 [INFO] [org.gradle.cache.internal.AbstractCacheCleanup] groovy-dsl cleanup deleted 0 files/directories.
2026-09-08T17:29:07.157+0900 [DEBUG] [org.gradle.internal.operations.DefaultBuildOperationRunner] Completing Build operation 'Clean up groovy-dsl'
2026-09-08T17:29:07.157+0900 [DEBUG] [org.gradle.internal.operations.DefaultBuildOperationRunner] Build operation 'Clean up groovy-dsl' completed
2026-09-08T17:29:07.158+0900 [INFO] [org.gradle.cache.internal.DefaultCacheCleanupExecutor] groovy-dsl cleaned up in 0.002 secs.
2026-09-08T17:29:07.158+0900 [DEBUG] [org.gradle.cache.internal.DefaultCacheCleanupExecutor] Artifact transforms cache has last been fully cleaned up 24 hours ago
2026-09-08T17:29:07.158+0900 [DEBUG] [org.gradle.internal.operations.DefaultBuildOperationRunner] Build operation 'Clean up Artifact transforms cache' started
2026-09-08T17:29:07.158+0900 [INFO] [org.gradle.cache.internal.LeastRecentlyUsedCacheCleanup] Artifact transforms cache removing files not accessed on or after Tue Sep 01 17:29:07 KST 2026.
2026-09-08T17:29:07.159+0900 [INFO] [org.gradle.cache.internal.AbstractCacheCleanup] Artifact transforms cache cleanup deleted 0 files/directories.
2026-09-08T17:29:07.160+0900 [DEBUG] [org.gradle.internal.operations.DefaultBuildOperationRunner] Completing Build operation 'Clean up Artifact transforms cache'
2026-09-08T17:29:07.160+0900 [DEBUG] [org.gradle.internal.operations.DefaultBuildOperationRunner] Build operation 'Clean up Artifact transforms cache' completed
2026-09-08T17:29:07.160+0900 [INFO] [org.gradle.cache.internal.DefaultCacheCleanupExecutor] Artifact transforms cache cleaned up in 0.002 secs.
2026-09-08T17:29:07.160+0900 [DEBUG] [org.gradle.cache.internal.LockOnDemandCrossProcessCacheAccess] Releasing file lock for journal cache (C:\Users\SSAFY\Desktop\스터디\travel\.gradle-user\caches\journal-1)
2026-09-08T17:29:07.160+0900 [DEBUG] [org.gradle.cache.internal.btree.BTreePersistentIndexedCache] Closing cache file-access.bin (C:\Users\SSAFY\Desktop\스터디\travel\.gradle-user\caches\journal-1\file-access.bin)
2026-09-08T17:29:07.160+0900 [DEBUG] [org.gradle.cache.internal.DefaultFileLockManager] Releasing lock on journal cache (C:\Users\SSAFY\Desktop\스터디\travel\.gradle-user\caches\journal-1).
2026-09-08T17:29:07.161+0900 [DEBUG] [org.gradle.cache.internal.LockOnDemandCrossProcessCacheAccess] Releasing file lock for file hash cache (C:\Users\SSAFY\Desktop\스터디\travel\.gradle-user\caches\9.7.1\fileHashes)
2026-09-08T17:29:07.161+0900 [DEBUG] [org.gradle.cache.internal.btree.BTreePersistentIndexedCache] Closing cache fileHashes.bin (C:\Users\SSAFY\Desktop\스터디\travel\.gradle-user\caches\9.7.1\fileHashes\fileHashes.bin)
2026-09-08T17:29:07.161+0900 [DEBUG] [org.gradle.cache.internal.btree.BTreePersistentIndexedCache] Closing cache resourceHashesCache.bin (C:\Users\SSAFY\Desktop\스터디\travel\.gradle-user\caches\9.7.1\fileHashes\resourceHashesCache.bin)
2026-09-08T17:29:07.161+0900 [DEBUG] [org.gradle.cache.internal.DefaultFileLockManager] Releasing lock on file hash cache (C:\Users\SSAFY\Desktop\스터디\travel\.gradle-user\caches\9.7.1\fileHashes).
2026-09-08T17:29:07.162+0900 [DEBUG] [org.gradle.internal.operations.DefaultBuildOperationRunner] Build operation 'Deleting unused version-specific caches in C:\Users\SSAFY\Desktop\스터디\travel\.gradle-user\caches' started
2026-09-08T17:29:07.167+0900 [DEBUG] [org.gradle.cache.internal.VersionSpecificCacheCleanupAction] Processed version-specific caches at C:\Users\SSAFY\Desktop\스터디\travel\.gradle-user\caches for cleanup in 0.004 secs
2026-09-08T17:29:07.167+0900 [DEBUG] [org.gradle.internal.operations.DefaultBuildOperationRunner] Completing Build operation 'Deleting unused version-specific caches in C:\Users\SSAFY\Desktop\스터디\travel\.gradle-user\caches'
2026-09-08T17:29:07.167+0900 [DEBUG] [org.gradle.internal.operations.DefaultBuildOperationRunner] Build operation 'Deleting unused version-specific caches in C:\Users\SSAFY\Desktop\스터디\travel\.gradle-user\caches' completed
2026-09-08T17:29:07.168+0900 [DEBUG] [org.gradle.internal.operations.DefaultBuildOperationRunner] Build operation 'Deleting unused Gradle distributions in C:\Users\SSAFY\Desktop\스터디\travel\.gradle-user\wrapper\dists' started
2026-09-08T17:29:07.169+0900 [DEBUG] [org.gradle.internal.operations.DefaultBuildOperationRunner] Completing Build operation 'Deleting unused Gradle distributions in C:\Users\SSAFY\Desktop\스터디\travel\.gradle-user\wrapper\dists'
2026-09-08T17:29:07.170+0900 [DEBUG] [org.gradle.internal.operations.DefaultBuildOperationRunner] Build operation 'Deleting unused Gradle distributions in C:\Users\SSAFY\Desktop\스터디\travel\.gradle-user\wrapper\dists' completed
2026-09-08T17:29:07.170+0900 [DEBUG] [org.gradle.internal.operations.DefaultBuildOperationRunner] Build operation 'Deleting old daemon log files in C:\Users\SSAFY\Desktop\스터디\travel\.gradle-user\daemon' started
2026-09-08T17:29:07.171+0900 [DEBUG] [org.gradle.cache.internal.DaemonLogCleanupAction] Processed daemon logs at C:\Users\SSAFY\Desktop\스터디\travel\.gradle-user\daemon for cleanup in 0.0 secs
2026-09-08T17:29:07.171+0900 [DEBUG] [org.gradle.internal.operations.DefaultBuildOperationRunner] Completing Build operation 'Deleting old daemon log files in C:\Users\SSAFY\Desktop\스터디\travel\.gradle-user\daemon'
2026-09-08T17:29:07.171+0900 [DEBUG] [org.gradle.internal.operations.DefaultBuildOperationRunner] Build operation 'Deleting old daemon log files in C:\Users\SSAFY\Desktop\스터디\travel\.gradle-user\daemon' completed
2026-09-08T17:29:07.171+0900 [DEBUG] [org.gradle.launcher.daemon.server.Daemon] stop() called on daemon
2026-09-08T17:29:07.171+0900 [INFO] [org.gradle.launcher.daemon.server.Daemon] Stop requested. Daemon is removing its presence from the registry...
2026-09-08T17:29:07.171+0900 [DEBUG] [org.gradle.launcher.daemon.server.DaemonRegistryUpdater] Removing our presence to clients, eg. removing this address from the registry: [a30c47e1-63c1-46bd-ac12-0bdacd5b2ce9 port:51370, addresses:[localhost/127.0.0.1]]
2026-09-08T17:29:07.171+0900 [DEBUG] [org.gradle.launcher.daemon.registry.PersistentDaemonRegistry] Removing daemon address: [a30c47e1-63c1-46bd-ac12-0bdacd5b2ce9 port:51370, addresses:[localhost/127.0.0.1]]
2026-09-08T17:29:07.172+0900 [DEBUG] [org.gradle.cache.internal.DefaultFileLockManager] Waiting to acquire exclusive lock on daemon addresses registry.
2026-09-08T17:29:07.172+0900 [DEBUG] [org.gradle.cache.internal.DefaultFileLockManager] Lock acquired on daemon addresses registry.
2026-09-08T17:29:07.173+0900 [DEBUG] [org.gradle.cache.internal.DefaultFileLockManager] Releasing lock on daemon addresses registry.
2026-09-08T17:29:07.173+0900 [DEBUG] [org.gradle.launcher.daemon.server.DaemonRegistryUpdater] Address removed from registry.
2026-09-08T17:29:07.173+0900 [DEBUG] [org.gradle.cache.internal.locklistener.DefaultFileLockContentionHandler] File lock listener thread completed.
2026-09-08T17:29:07.174+0900 [DEBUG] [java.lang.Runtime] Runtime.exit() called with status: 0
java.lang.Throwable: Runtime.exit(0)
	at java.base/java.lang.Shutdown.logRuntimeExit(Shutdown.java:179)
	at java.base/java.lang.Shutdown.exit(Shutdown.java:160)
	at java.base/java.lang.Runtime.exit(Runtime.java:188)
	at java.base/java.lang.System.exit(System.java:1921)
	at org.gradle.launcher.bootstrap.ProcessCompleter.complete(ProcessCompleter.java:21)
	at org.gradle.launcher.bootstrap.EntryPoint.run(EntryPoint.java:62)
	at java.base/jdk.internal.reflect.DirectMethodHandleAccessor.invoke(DirectMethodHandleAccessor.java:103)
	at java.base/java.lang.reflect.Method.invoke(Method.java:580)
	at org.gradle.launcher.bootstrap.ProcessBootstrap.runNoExit(ProcessBootstrap.java:72)
	at org.gradle.launcher.bootstrap.ProcessBootstrap.run(ProcessBootstrap.java:39)
	at org.gradle.launcher.daemon.bootstrap.GradleDaemon.main(GradleDaemon.java:23)
Daemon vm is shutting down... The daemon has exited normally or was terminated in response to a user interrupt.
2026-09-08T17:29:07.175+0900 [DEBUG] [org.gradle.launcher.daemon.registry.PersistentDaemonRegistry] Removing daemon address: [a30c47e1-63c1-46bd-ac12-0bdacd5b2ce9 port:51370, addresses:[localhost/127.0.0.1]]
2026-09-08T17:29:07.175+0900 [DEBUG] [org.gradle.launcher.daemon.server.Daemon] VM shutdown hook was unable to remove the daemon address from the registry. It will be cleaned up later.
java.lang.IllegalStateException: Cannot start managing file contention because this handler has been closed.
	at org.gradle.cache.internal.locklistener.DefaultFileLockContentionHandler.assertNotStopped(DefaultFileLockContentionHandler.java:267)
	at org.gradle.cache.internal.locklistener.DefaultFileLockContentionHandler.reservePort(DefaultFileLockContentionHandler.java:312)
	at org.gradle.cache.internal.DefaultFileLockManager.lock(DefaultFileLockManager.java:127)
	at org.gradle.cache.internal.DefaultFileLockManager.lock(DefaultFileLockManager.java:109)
	at org.gradle.cache.internal.DefaultFileLockManager.lock(DefaultFileLockManager.java:104)
	at org.gradle.cache.internal.OnDemandFileAccess.updateFile(OnDemandFileAccess.java:51)
	at org.gradle.cache.internal.FileBackedObjectHolder.update(FileBackedObjectHolder.java:77)
	at org.gradle.cache.internal.FileIntegrityViolationSuppressingObjectHolderDecorator.lambda$update$0(FileIntegrityViolationSuppressingObjectHolderDecorator.java:48)
	at org.gradle.cache.internal.FileIntegrityViolationSuppressingObjectHolderDecorator.doUpdate(FileIntegrityViolationSuppressingObjectHolderDecorator.java:58)
	at org.gradle.cache.internal.FileIntegrityViolationSuppressingObjectHolderDecorator.update(FileIntegrityViolationSuppressingObjectHolderDecorator.java:48)
	at org.gradle.launcher.daemon.registry.PersistentDaemonRegistry.remove(PersistentDaemonRegistry.java:133)
	at org.gradle.launcher.daemon.server.Daemon$1.run(Daemon.java:133)
	at java.base/java.lang.Thread.run(Thread.java:1583)
